// Jest Snapshot v1, https://goo.gl/fbAQLP

exports[`matches snapshot 1`] = `
<DocumentFragment>
  <div
    class="flex justify-center items-center py-24"
  >
    <div
      class="w-12 h-12 border-4 border-indigo-200 border-t-indigo-600 rounded-full animate-spin"
    />
  </div>
</DocumentFragment>
`;
